==================================================
  远程控制服务已启动
  控制码:  921098
  端口:    8888
  本机访问:  http://localhost:8888
  控制端访问: http://172.21.112.1:8888
  控制端访问: http://192.168.56.1:8888
  控制端访问: http://192.168.1.3:8888
  控制端访问: http://192.168.1.70:8888
  配置文件:  D:\newapi\远程\remote-config.json
  提示: 控制端与被控端需网络互通，首次运行请允许防火墙。
==================================================
2026/08/29 21:13:57 控制端已连接 (来自 127.0.0.1)
2026/08/29 21:18:51 设备 5ab5b552 已被踢出 (来自 127.0.0.1)
2026/08/29 21:18:57 控制端已连接 (来自 192.168.1.104)
2026/08/30 11:27:41 控制码已重新生成
2026/08/30 11:27:43 控制码已重新生成
2026/08/30 11:27:43 控制码已重新生成
2026/08/30 11:27:43 控制码已重新生成
2026/08/30 11:27:43 控制码已重新生成
2026/08/30 11:27:43 控制码已重新生成
2026/08/30 11:27:44 控制码已重新生成
2026/08/30 11:27:44 控制码已重新生成
2026/08/30 11:27:44 控制码已重新生成
2026/08/30 11:27:44 控制码已重新生成
2026/08/30 11:27:44 控制码已重新生成
2026/08/30 11:27:45 控制码已重新生成
2026/08/30 11:27:45 控制码已重新生成
2026/08/30 11:27:45 控制码已重新生成
2026/08/30 11:27:45 控制码已重新生成
2026/08/30 11:27:45 控制码已重新生成
2026/08/30 11:27:46 控制码已重新生成
2026/08/30 11:27:46 控制码已重新生成
2026/08/30 11:27:46 控制码已重新生成
2026/08/30 11:27:46 控制码已重新生成
2026/08/30 11:27:46 控制码已重新生成
2026/08/30 11:27:47 控制码已重新生成
2026/08/30 11:27:47 控制码已重新生成
2026/08/30 11:27:47 控制码已重新生成
2026/08/30 11:27:47 控制码已重新生成
2026/08/30 11:27:47 控制码已重新生成
2026/08/30 11:27:48 控制码已重新生成
2026/08/30 11:27:48 控制码已重新生成
2026/08/30 11:27:48 控制码已重新生成
2026/08/30 11:27:48 控制码已重新生成
2026/08/30 11:27:48 控制码已重新生成
2026/08/30 11:27:49 控制码已重新生成
2026/08/30 11:27:49 控制码已重新生成
2026/08/30 11:27:49 控制码已重新生成
2026/08/30 11:27:49 控制码已重新生成
2026/08/30 13:55:30 控制端已连接 (来自 172.21.112.1)
2026/08/30 13:55:58 设备 303a27de 已被踢出 (来自 127.0.0.1)
